<?xml version="1.0" encoding="UTF-8"?>
<TestRun id="685769bf-b6d5-4a33-a4f3-6b30c7c6b222" name="Vee@VEE-PC 2011-10-30 21:35:13" runUser="Vee-PC\Vee" xmlns="http://microsoft.com/schemas/VisualStudio/TeamTest/2010">
  <TestSettings name="Default Test Settings" id="7c0777bd-35e8-4193-b15f-eb713bbeae81">
    <Deployment runDeploymentRoot="Vee_VEE-PC 2011-10-30 21_35_13">
      <DeploymentItem filename="C:\Users\Vee\Documents\Visual Studio 2010\Projects\Yummy\Yummy_Server\sourcecode\Yummy\Yummy\bin\Yummy.dll" />
    </Deployment>
    <Execution>
      <TestTypeSpecific />
      <AgentRule name="Execution Agents">
      </AgentRule>
    </Execution>
  </TestSettings>
  <Times creation="2011-10-30T21:35:13.7770000+07:00" queuing="2011-10-30T21:35:17.0480000+07:00" start="2011-10-30T21:35:17.3900000+07:00" finish="2011-10-30T21:35:18.4660000+07:00" />
  <ResultSummary outcome="Completed">
    <Counters total="1" executed="1" passed="1" error="0" failed="0" timeout="0" aborted="0" inconclusive="0" passedButRunAborted="0" notRunnable="0" notExecuted="0" disconnected="0" warning="0" completed="0" inProgress="0" pending="0" />
  </ResultSummary>
  <TestDefinitions>
    <UnitTest name="About" storage="c:\users\vee\documents\visual studio 2010\projects\yummy\yummy_server\sourcecode\yummy\yummy.tests\bin\debug\yummy.tests.dll" id="16b67666-5f55-33ab-e17e-7c7ced7ffb9d">
      <Execution id="347e98c1-f790-432f-a70f-b5c0432d0ce4" />
      <TestMethod codeBase="C:/Users/Vee/Documents/Visual Studio 2010/Projects/Yummy/Yummy_Server/sourcecode/Yummy/Yummy.Tests/bin/Debug/Yummy.Tests.DLL" adapterTypeName="Microsoft.VisualStudio.TestTools.TestTypes.Unit.UnitTestAdapter, Microsoft.VisualStudio.QualityTools.Tips.UnitTest.Adapter, Version=10.0.0.0, Culture=neutral, PublicKeyToken=b03f5f7f11d50a3a" className="Yummy.Tests.Controllers.HomeControllerTest, Yummy.Tests, Version=1.0.0.0, Culture=neutral, PublicKeyToken=null" name="About" />
    </UnitTest>
  </TestDefinitions>
  <TestLists>
    <TestList name="Results Not in a List" id="8c84fa94-04c1-424b-9868-57a2d4851a1d" />
    <TestList name="All Loaded Results" id="19431567-8539-422a-85d7-44ee4e166bda" />
  </TestLists>
  <TestEntries>
    <TestEntry testId="16b67666-5f55-33ab-e17e-7c7ced7ffb9d" executionId="347e98c1-f790-432f-a70f-b5c0432d0ce4" testListId="8c84fa94-04c1-424b-9868-57a2d4851a1d" />
  </TestEntries>
  <Results>
    <UnitTestResult executionId="347e98c1-f790-432f-a70f-b5c0432d0ce4" testId="16b67666-5f55-33ab-e17e-7c7ced7ffb9d" testName="About" computerName="VEE-PC" duration="00:00:00.0581367" startTime="2011-10-30T21:35:17.6280000+07:00" endTime="2011-10-30T21:35:18.2860000+07:00" testType="13cdc9d9-ddb5-4fa4-a97d-d965ccfc6d4b" outcome="Passed" testListId="8c84fa94-04c1-424b-9868-57a2d4851a1d" relativeResultsDirectory="347e98c1-f790-432f-a70f-b5c0432d0ce4">
    </UnitTestResult>
  </Results>
</TestRun>